// Jest Snapshot v1, https://goo.gl/fbAQLP

exports[`LoaderComponent should create 1`] = `
<app-loader
  centered="false"
  local={[Function Boolean]}
  message={[Function String]}
>
  <div
    class="spinner"
  >
    <svg
      class="circular"
      viewBox="25 25 50 50"
    >
      <circle
        class="path"
        cx="50"
        cy="50"
        fill="none"
        r="20"
        stroke-miterlimit="10"
        stroke-width="2"
      />
    </svg>
  </div><h4>
    Loader Test
  </h4>
</app-loader>
`;
